// Jest Snapshot v1, https://goo.gl/fbAQLP

exports[`receptacle validation validateReceptacleType should throw an error if the receptacles do not match 1`] = `"\\"RECEPTACLE_MUG\\" is the wrong receptacle. Expected a \\"RECEPTACLE_GLASS\\"."`;
